[Actuated  |Low   |seed 0] ep1=  21.8s  last5=  23.2s  (    9s wall)
[Fixed-time|Low   |seed 3] ep1=  76.3s  last5=  73.9s  (    9s wall)
[Actuated  |Low   |seed 3] ep1=  23.8s  last5=  22.9s  (    9s wall)
[Fixed-time|Low   |seed 0] ep1=  66.9s  last5=  74.4s  (   10s wall)
[Fixed-time|Medium|seed 4] ep1= 140.3s  last5= 118.7s  (   10s wall)
[Fixed-time|Medium|seed 1] ep1= 139.1s  last5= 111.2s  (   10s wall)
[Actuated  |Medium|seed 1] ep1=  29.9s  last5=  28.3s  (   10s wall)
[Actuated  |Medium|seed 4] ep1=  31.5s  last5=  29.6s  (   10s wall)
[Fixed-time|High  |seed 2] ep1= 187.7s  last5= 187.5s  (   10s wall)
[Actuated  |High  |seed 2] ep1=  40.2s  last5=  40.4s  (   10s wall)
[Actuated  |Low   |seed 1] ep1=  21.3s  last5=  23.0s  (    9s wall)
[Actuated  |Low   |seed 4] ep1=  24.4s  last5=  23.3s  (   10s wall)
[Fixed-time|Low   |seed 4] ep1=  83.6s  last5=  73.6s  (   10s wall)
[Fixed-time|Low   |seed 1] ep1=  64.5s  last5=  68.0s  (   10s wall)
[Actuated  |Medium|seed 2] ep1=  29.3s  last5=  28.6s  (   10s wall)
[Fixed-time|Medium|seed 2] ep1= 109.6s  last5= 124.1s  (   10s wall)
[Fixed-time|High  |seed 0] ep1= 172.5s  last5= 175.1s  (   10s wall)
[Actuated  |High  |seed 3] ep1=  38.5s  last5=  40.6s  (   10s wall)
[Actuated  |High  |seed 0] ep1=  37.1s  last5=  39.7s  (   10s wall)
[Fixed-time|High  |seed 3] ep1= 195.5s  last5= 186.6s  (   10s wall)
[Actuated  |Low   |seed 2] ep1=  22.5s  last5=  22.8s  (   10s wall)
[Actuated  |Medium|seed 0] ep1=  28.6s  last5=  29.0s  (   10s wall)
[Fixed-time|Medium|seed 0] ep1= 102.7s  last5= 122.8s  (   10s wall)
[Fixed-time|Low   |seed 2] ep1=  67.4s  last5=  68.7s  (   10s wall)
[Actuated  |Medium|seed 3] ep1=  26.9s  last5=  28.0s  (   10s wall)
[Fixed-time|Medium|seed 3] ep1= 120.6s  last5= 122.8s  (   10s wall)
[Actuated  |High  |seed 4] ep1=  44.6s  last5=  42.7s  (   10s wall)
[Fixed-time|High  |seed 1] ep1= 212.6s  last5= 167.7s  (   11s wall)
[Actuated  |High  |seed 1] ep1=  38.3s  last5=  40.6s  (   10s wall)
[Fixed-time|High  |seed 4] ep1= 197.5s  last5= 174.3s  (   11s wall)
[DQN       |Low   |seed 0] ep1= 580.3s  last5=  22.4s  (   32s wall)
[DQN       |Low   |seed 3] ep1= 966.8s  last5=  23.5s  (   34s wall)
[DQN       |Medium|seed 4] ep1= 601.1s  last5=  32.8s  (   33s wall)
[DQN       |Medium|seed 1] ep1= 853.6s  last5=  32.6s  (   33s wall)
[DQN       |High  |seed 2] ep1= 719.0s  last5=  70.4s  (   35s wall)
[DQN       |Low   |seed 1] ep1= 740.3s  last5=  23.3s  (   34s wall)
[DQN       |Low   |seed 4] ep1= 631.9s  last5=  23.0s  (   34s wall)
[DQN       |Medium|seed 2] ep1=1003.4s  last5=  52.0s  (   34s wall)
[DQN       |High  |seed 0] ep1= 765.5s  last5=  55.3s  (   35s wall)
[DQN       |High  |seed 3] ep1=1031.2s  last5=  86.4s  (   35s wall)
[DQN       |Low   |seed 2] ep1= 788.4s  last5=  23.5s  (   34s wall)
[DRSQ      |Low   |seed 0] ep1=  48.1s  last5=  19.8s  (   82s wall)
[DRQ       |Low   |seed 0] ep1= 452.2s  last5=2247.1s  (   88s wall)
[DRQ       |Low   |seed 3] ep1= 543.8s  last5=2062.5s  (   88s wall)
[DRQ       |High  |seed 2] ep1= 728.7s  last5=1446.6s  (   88s wall)
[DRQ       |Medium|seed 4] ep1= 546.6s  last5=2123.0s  (   88s wall)
[DRQ       |Medium|seed 1] ep1= 517.2s  last5=2305.6s  (   89s wall)
[DQN       |Medium|seed 0] ep1= 561.0s  last5=  35.3s  (   34s wall)
[DQN       |Medium|seed 3] ep1= 715.2s  last5=  37.5s  (   35s wall)
[DQN       |High  |seed 1] ep1= 472.4s  last5=  56.1s  (   35s wall)
[DQN       |High  |seed 4] ep1=1024.7s  last5=  59.4s  (   34s wall)
[DRSQ      |Low   |seed 3] ep1= 277.5s  last5=  21.3s  (   83s wall)
[DRSQ      |Low   |seed 1] ep1= 163.2s  last5=  20.4s  (   84s wall)
[DRQ       |Low   |seed 4] ep1= 338.8s  last5=1946.3s  (   89s wall)
[DRQ       |Low   |seed 1] ep1= 315.4s  last5=1943.3s  (   91s wall)
[DRQ       |Medium|seed 2] ep1= 518.3s  last5=2020.8s  (   90s wall)
[DRQ       |High  |seed 0] ep1= 783.1s  last5=1939.0s  (   91s wall)
[DRQ       |High  |seed 3] ep1= 714.5s  last5=2338.4s  (   96s wall)
[DRSQ      |Medium|seed 1] ep1= 211.9s  last5=  25.5s  (   85s wall)
[DRSQ      |Medium|seed 4] ep1= 420.3s  last5=  31.3s  (   85s wall)
[DRSQ      |High  |seed 2] ep1= 681.9s  last5=  54.3s  (   85s wall)
[DRHQ      |Low   |seed 0] ep1= 173.3s  last5=  19.7s  (   85s wall)
[DRSQ      |Low   |seed 4] ep1= 242.2s  last5=  20.6s  (   86s wall)
[DRSQ      |Low   |seed 2] ep1=  93.1s  last5=  21.0s  (   85s wall)
[DRQ       |Low   |seed 2] ep1= 463.3s  last5=1854.5s  (   90s wall)
[DRQ       |Medium|seed 0] ep1= 682.4s  last5=2319.4s  (   93s wall)
[DRSQ      |Medium|seed 2] ep1= 418.2s  last5=  45.9s  (   86s wall)
[DRQ       |Medium|seed 3] ep1= 532.2s  last5=1622.1s  (   93s wall)
[DRSQ      |High  |seed 0] ep1= 531.7s  last5=  48.0s  (   86s wall)
[DRHQ      |Low   |seed 1] ep1=  66.7s  last5=  19.2s  (   86s wall)
[DRSQ      |High  |seed 3] ep1= 579.7s  last5=  39.7s  (   87s wall)
[DRQ       |High  |seed 1] ep1= 738.3s  last5=2033.3s  (   96s wall)
[DRQ       |High  |seed 4] ep1= 824.5s  last5=2195.8s  (   93s wall)
[DRSQ      |Medium|seed 0] ep1= 271.8s  last5=  26.1s  (   84s wall)
[DRHQ      |Low   |seed 3] ep1= 392.8s  last5=  21.5s  (   81s wall)
[DRHQ      |Medium|seed 1] ep1= 282.2s  last5=  26.9s  (   80s wall)
[DRHQ      |Medium|seed 4] ep1= 309.4s  last5=  28.3s  (   77s wall)
[DRSQ      |Medium|seed 3] ep1= 277.1s  last5=  28.2s  (   78s wall)
[DRSQ      |High  |seed 1] ep1= 523.6s  last5=  34.0s  (   78s wall)
[DRHQ      |High  |seed 2] ep1= 457.3s  last5=  36.0s  (   79s wall)
[DRHQ      |Low   |seed 2] ep1= 465.3s  last5=  22.3s  (   78s wall)
[DRSQ      |High  |seed 4] ep1= 872.6s  last5=  43.4s  (   78s wall)
[DRHQ      |Low   |seed 4] ep1=  77.7s  last5=  19.5s  (   59s wall)
[DRHQ      |High  |seed 0] ep1= 294.3s  last5=  32.4s  (   55s wall)
[DRHQ      |Medium|seed 2] ep1= 703.1s  last5=  35.6s  (   55s wall)
[DRHQ      |High  |seed 3] ep1= 830.9s  last5=  39.2s  (   54s wall)
[DRHQ      |Medium|seed 0] ep1= 107.4s  last5=  23.6s  (   53s wall)
[DRHQ      |Medium|seed 3] ep1= 429.3s  last5=  27.7s  (   53s wall)
[DRHQ      |High  |seed 1] ep1= 530.1s  last5=  38.1s  (   53s wall)
[DRHQ      |High  |seed 4] ep1= 507.1s  last5=  52.3s  (   54s wall)
done in 490s
